CPU info:
Architecture:          x86_64
CPU op-mode(s):        32-bit, 64-bit
Byte Order:            Little Endian
CPU(s):                4
On-line CPU(s) list:   0-3
Thread(s) per core:    1
Core(s) per socket:    2
Socket(s):             2
NUMA node(s):          1
Vendor ID:             GenuineIntel
CPU family:            6
Model:                 58
Stepping:              9
CPU MHz:               2501.000
BogoMIPS:              5002.00
Hypervisor vendor:     VMware
Virtualization type:   full
L1d cache:             32K
L1i cache:             32K
L2 cache:              256K
L3 cache:              3072K
NUMA node0 CPU(s):     0-3


Memory:
             total       used       free     shared    buffers     cached
Mem:       1906552    1784328     122224          0      70596    1433004
-/+ buffers/cache:     280728    1625824
Swap:      4095992         28    4095964


Storage:
Filesystem                     1K-blocks    Used Available Use% Mounted on
/dev/mapper/vg_centos6-lv_root  51606140 2475948  46508752   6% /
tmpfs                             953276       0    953276   0% /dev/shm
/dev/sda1                         495844   33473    436771   8% /boot
/dev/mapper/vg_centos6-lv_home 253490844  198104 240416148   1% /home
